[2Ktesting with 2 provers, 3 problemsâ€¦
[2KOK
STAT:
provers      â”‚fake2â”‚fake1
â”€â”€â”€â”€â”€â”€â”€â”€â”€â”€â”€â”€â”€â”¼â”€â”€â”€â”€â”€â”¼â”€â”€â”€â”€â”€
sat          â”‚[1;32m1[0m    â”‚[1;32m1[0m
â”€â”€â”€â”€â”€â”€â”€â”€â”€â”€â”€â”€â”€â”¼â”€â”€â”€â”€â”€â”¼â”€â”€â”€â”€â”€
unsat        â”‚[1;32m1[0m    â”‚[1;32m1[0m
â”€â”€â”€â”€â”€â”€â”€â”€â”€â”€â”€â”€â”€â”¼â”€â”€â”€â”€â”€â”¼â”€â”€â”€â”€â”€
sat+unsat    â”‚[1;32m2[0m    â”‚[1;32m2[0m
â”€â”€â”€â”€â”€â”€â”€â”€â”€â”€â”€â”€â”€â”¼â”€â”€â”€â”€â”€â”¼â”€â”€â”€â”€â”€
errors       â”‚0    â”‚0
â”€â”€â”€â”€â”€â”€â”€â”€â”€â”€â”€â”€â”€â”¼â”€â”€â”€â”€â”€â”¼â”€â”€â”€â”€â”€
valid_proof  â”‚[1;32m1[0m    â”‚0
â”€â”€â”€â”€â”€â”€â”€â”€â”€â”€â”€â”€â”€â”¼â”€â”€â”€â”€â”€â”¼â”€â”€â”€â”€â”€
invalid_proofâ”‚0    â”‚0
â”€â”€â”€â”€â”€â”€â”€â”€â”€â”€â”€â”€â”€â”¼â”€â”€â”€â”€â”€â”¼â”€â”€â”€â”€â”€
unknown      â”‚1    â”‚1
â”€â”€â”€â”€â”€â”€â”€â”€â”€â”€â”€â”€â”€â”¼â”€â”€â”€â”€â”€â”¼â”€â”€â”€â”€â”€
timeout      â”‚0    â”‚0
â”€â”€â”€â”€â”€â”€â”€â”€â”€â”€â”€â”€â”€â”¼â”€â”€â”€â”€â”€â”¼â”€â”€â”€â”€â”€
memory       â”‚0    â”‚0
â”€â”€â”€â”€â”€â”€â”€â”€â”€â”€â”€â”€â”€â”¼â”€â”€â”€â”€â”€â”¼â”€â”€â”€â”€â”€
total        â”‚3    â”‚3
â”€â”€â”€â”€â”€â”€â”€â”€â”€â”€â”€â”€â”€â”¼â”€â”€â”€â”€â”€â”¼â”€â”€â”€â”€â”€
total_time   â”‚1s   â”‚1s
ANALYSIS:
provers      â”‚fake2â”‚fake1
â”€â”€â”€â”€â”€â”€â”€â”€â”€â”€â”€â”€â”€â”¼â”€â”€â”€â”€â”€â”¼â”€â”€â”€â”€â”€
improved     â”‚0    â”‚0
â”€â”€â”€â”€â”€â”€â”€â”€â”€â”€â”€â”€â”€â”¼â”€â”€â”€â”€â”€â”¼â”€â”€â”€â”€â”€
ok           â”‚[1;32m3[0m    â”‚[1;32m3[0m
â”€â”€â”€â”€â”€â”€â”€â”€â”€â”€â”€â”€â”€â”¼â”€â”€â”€â”€â”€â”¼â”€â”€â”€â”€â”€
disappoint   â”‚0    â”‚0
â”€â”€â”€â”€â”€â”€â”€â”€â”€â”€â”€â”€â”€â”¼â”€â”€â”€â”€â”€â”¼â”€â”€â”€â”€â”€
bad          â”‚0    â”‚0
â”€â”€â”€â”€â”€â”€â”€â”€â”€â”€â”€â”€â”€â”¼â”€â”€â”€â”€â”€â”¼â”€â”€â”€â”€â”€
valid proof  â”‚[1;32m1[0m    â”‚0
â”€â”€â”€â”€â”€â”€â”€â”€â”€â”€â”€â”€â”€â”¼â”€â”€â”€â”€â”€â”¼â”€â”€â”€â”€â”€
invalid proofâ”‚0    â”‚0
â”€â”€â”€â”€â”€â”€â”€â”€â”€â”€â”€â”€â”€â”¼â”€â”€â”€â”€â”€â”¼â”€â”€â”€â”€â”€
errors       â”‚0    â”‚0
â”€â”€â”€â”€â”€â”€â”€â”€â”€â”€â”€â”€â”€â”¼â”€â”€â”€â”€â”€â”¼â”€â”€â”€â”€â”€
total        â”‚3    â”‚3
